2025-08-07 02:15:11 [background-preinit] INFO Version - HV000001: Hibernate Validator 8.0.1.Final (Version.java:21)
2025-08-07 02:15:11 [restartedMain] INFO DevToolsPropertyDefaultsPostProcessor - Devtools property defaults active! Set 'spring.devtools.add-properties' to 'false' to disable (DeferredLog.java:250)
2025-08-07 02:15:12 [restartedMain] INFO ConfigServicePropertySourceLocator - Fetching config from server at : http://localhost:8001 (ConfigServicePropertySourceLocator.java:273)
2025-08-07 02:15:13 [restartedMain] INFO ConfigServicePropertySourceLocator - Located environment: name=register-development, profiles=[default], label=null, version=fd7650d1f8cb2dde4ff6626351aa1d6ccd03184c, state=null (ConfigServicePropertySourceLocator.java:197)
2025-08-07 02:15:13 [restartedMain] INFO PropertySourceBootstrapConfiguration - Located property source: [BootstrapPropertySource {name='bootstrapProperties-configClient'}, BootstrapPropertySource {name='bootstrapProperties-https://github.com/rsp777/config-server/file:C:\Users\Ravi\AppData\Local\Temp\config-repo-9623412717035207497\register-development.properties'}] (PropertySourceBootstrapConfiguration.java:134)
2025-08-07 02:15:13 [restartedMain] INFO UserRegistration - No active profile set, falling back to 1 default profile: "default" (SpringApplication.java:638)
2025-08-07 02:15:14 [restartedMain] INFO RepositoryConfigurationDelegate - Multiple Spring Data modules found, entering strict repository configuration mode (RepositoryConfigurationDelegate.java:291)
2025-08-07 02:15:14 [restartedMain] INFO RepositoryConfigurationDelegate - Bootstrapping Spring Data JDBC repositories in DEFAULT mode. (RepositoryConfigurationDelegate.java:138)
2025-08-07 02:15:14 [restartedMain] INFO RepositoryConfigurationExtensionSupport - Spring Data JDBC - Could not safely identify store assignment for repository candidate interface com.pawar.todo.register.repository.PermissionRepository; If you want this repository to be a JDBC repository, consider annotating your entities with one of these annotations: org.springframework.data.relational.core.mapping.Table. (RepositoryConfigurationExtensionSupport.java:320)
2025-08-07 02:15:14 [restartedMain] INFO RepositoryConfigurationExtensionSupport - Spring Data JDBC - Could not safely identify store assignment for repository candidate interface com.pawar.todo.register.repository.RolePermissionsRepository; If you want this repository to be a JDBC repository, consider annotating your entities with one of these annotations: org.springframework.data.relational.core.mapping.Table. (RepositoryConfigurationExtensionSupport.java:320)
2025-08-07 02:15:14 [restartedMain] INFO RepositoryConfigurationExtensionSupport - Spring Data JDBC - Could not safely identify store assignment for repository candidate interface com.pawar.todo.register.repository.RoleRepository; If you want this repository to be a JDBC repository, consider annotating your entities with one of these annotations: org.springframework.data.relational.core.mapping.Table. (RepositoryConfigurationExtensionSupport.java:320)
2025-08-07 02:15:14 [restartedMain] INFO RepositoryConfigurationExtensionSupport - Spring Data JDBC - Could not safely identify store assignment for repository candidate interface com.pawar.todo.register.repository.UserRepository; If you want this repository to be a JDBC repository, consider annotating your entities with one of these annotations: org.springframework.data.relational.core.mapping.Table. (RepositoryConfigurationExtensionSupport.java:320)
2025-08-07 02:15:14 [restartedMain] INFO RepositoryConfigurationExtensionSupport - Spring Data JDBC - Could not safely identify store assignment for repository candidate interface com.pawar.todo.register.repository.UserRoleRepository; If you want this repository to be a JDBC repository, consider annotating your entities with one of these annotations: org.springframework.data.relational.core.mapping.Table. (RepositoryConfigurationExtensionSupport.java:320)
2025-08-07 02:15:14 [restartedMain] INFO RepositoryConfigurationExtensionSupport - Spring Data JDBC - Could not safely identify store assignment for repository candidate interface com.pawar.todo.register.repository.VerificationTokenRepository; If you want this repository to be a JDBC repository, consider annotating your entities with one of these annotations: org.springframework.data.relational.core.mapping.Table. (RepositoryConfigurationExtensionSupport.java:320)
2025-08-07 02:15:14 [restartedMain] INFO RepositoryConfigurationDelegate - Finished Spring Data repository scanning in 40 ms. Found 0 JDBC repository interfaces. (RepositoryConfigurationDelegate.java:208)
2025-08-07 02:15:14 [restartedMain] INFO RepositoryConfigurationDelegate - Multiple Spring Data modules found, entering strict repository configuration mode (RepositoryConfigurationDelegate.java:291)
2025-08-07 02:15:14 [restartedMain] INFO RepositoryConfigurationDelegate - Bootstrapping Spring Data JPA repositories in DEFAULT mode. (RepositoryConfigurationDelegate.java:138)
2025-08-07 02:15:15 [restartedMain] INFO RepositoryConfigurationDelegate - Finished Spring Data repository scanning in 227 ms. Found 6 JPA repository interfaces. (RepositoryConfigurationDelegate.java:208)
2025-08-07 02:15:15 [restartedMain] INFO GenericScope - BeanFactory id=a14217fd-5591-3b61-a397-2117bc3237ba (GenericScope.java:282)
2025-08-07 02:15:16 [restartedMain] INFO TomcatWebServer - Tomcat initialized with port(s): 8082 (http) (TomcatWebServer.java:108)
2025-08-07 02:15:16 [restartedMain] INFO Http11NioProtocol - Initializing ProtocolHandler ["http-nio-0.0.0.0-8082"] (DirectJDKLog.java:173)
2025-08-07 02:15:16 [restartedMain] INFO StandardService - Starting service [Tomcat] (DirectJDKLog.java:173)
2025-08-07 02:15:16 [restartedMain] INFO StandardEngine - Starting Servlet engine: [Apache Tomcat/10.1.15] (DirectJDKLog.java:173)
2025-08-07 02:15:16 [restartedMain] INFO [/] - Initializing Spring embedded WebApplicationContext (DirectJDKLog.java:173)
2025-08-07 02:15:16 [restartedMain] INFO ServletWebServerApplicationContext - Root WebApplicationContext: initialization completed in 2939 ms (ServletWebServerApplicationContext.java:291)
2025-08-07 02:15:16 [restartedMain] INFO LogHelper - HHH000204: Processing PersistenceUnitInfo [name: default] (LogHelper.java:31)
2025-08-07 02:15:16 [restartedMain] INFO Version - HHH000412: Hibernate ORM core version 6.2.13.Final (Version.java:44)
2025-08-07 02:15:16 [restartedMain] INFO Environment - HHH000406: Using bytecode reflection optimizer (Environment.java:191)
2025-08-07 02:15:17 [restartedMain] INFO SpringPersistenceUnitInfo - No LoadTimeWeaver setup: ignoring JPA class transformer (SpringPersistenceUnitInfo.java:87)
2025-08-07 02:15:17 [restartedMain] INFO HikariDataSource - HikariPool-1 - Starting... (HikariDataSource.java:110)
2025-08-07 02:15:17 [restartedMain] INFO HikariPool - HikariPool-1 - Added connection com.mysql.cj.jdbc.ConnectionImpl@49e2622a (HikariPool.java:565)
2025-08-07 02:15:17 [restartedMain] INFO HikariDataSource - HikariPool-1 - Start completed. (HikariDataSource.java:123)
2025-08-07 02:15:18 [restartedMain] INFO JtaPlatformInitiator - HHH000489: No JTA platform available (set 'hibernate.transaction.jta.platform' to enable JTA platform integration) (JtaPlatformInitiator.java:55)
2025-08-07 02:15:19 [restartedMain] INFO LocalContainerEntityManagerFactoryBean - Initialized JPA EntityManagerFactory for persistence unit 'default' (AbstractEntityManagerFactoryBean.java:437)
2025-08-07 02:15:19 [restartedMain] WARN JpaBaseConfiguration$JpaWebConfiguration - spring.jpa.open-in-view is enabled by default. Therefore, database queries may be performed during view rendering. Explicitly configure spring.jpa.open-in-view to disable this warning (JpaBaseConfiguration.java:231)
2025-08-07 02:15:19 [restartedMain] WARN UserDetailsServiceAutoConfiguration - 

Using generated security password: 08ec8a0a-d2f6-4892-9152-3bdba5a5bf7c

This generated password is for development use only. Your security configuration must be updated before running your application in production.
 (UserDetailsServiceAutoConfiguration.java:87)
2025-08-07 02:15:20 [restartedMain] INFO QueryEnhancerFactory - Hibernate is in classpath; If applicable, HQL parser will be used. (QueryEnhancerFactory.java:47)
2025-08-07 02:15:21 [restartedMain] INFO EndpointLinksResolver - Exposing 18 endpoint(s) beneath base path '/actuator' (EndpointLinksResolver.java:58)
2025-08-07 02:15:21 [restartedMain] INFO DefaultSecurityFilterChain - Will secure any request with [org.springframework.security.web.session.DisableEncodeUrlFilter@7aa712b9, org.springframework.security.web.context.request.async.WebAsyncManagerIntegrationFilter@2ce3bbe0, org.springframework.security.web.context.SecurityContextHolderFilter@6c9aa0d3, org.springframework.security.web.header.HeaderWriterFilter@317955e4, org.springframework.security.web.authentication.logout.LogoutFilter@57c9f0d1, org.springframework.security.web.authentication.UsernamePasswordAuthenticationFilter@3c40091, org.springframework.security.web.savedrequest.RequestCacheAwareFilter@7b3db1c3, org.springframework.security.web.servletapi.SecurityContextHolderAwareRequestFilter@1715854c, org.springframework.security.web.authentication.AnonymousAuthenticationFilter@4d163cc4, org.springframework.security.web.access.ExceptionTranslationFilter@4f0e16c9, org.springframework.security.web.access.intercept.FilterSecurityInterceptor@5609448d] (DefaultSecurityFilterChain.java:54)
2025-08-07 02:15:21 [restartedMain] WARN OptionalLiveReloadServer - Unable to start LiveReload server (OptionalLiveReloadServer.java:62)
2025-08-07 02:15:22 [restartedMain] INFO DiscoveryClientOptionalArgsConfiguration - Eureka HTTP Client uses RestTemplate. (DiscoveryClientOptionalArgsConfiguration.java:74)
2025-08-07 02:15:22 [restartedMain] WARN LoadBalancerCacheAutoConfiguration$LoadBalancerCaffeineWarnLogger - Spring Cloud LoadBalancer is currently working with the default cache. While this cache implementation is useful for development and tests, it's recommended to use Caffeine cache in production.You can switch to using Caffeine cache, by adding it and org.springframework.cache.caffeine.CaffeineCacheManager to the classpath. (LoadBalancerCacheAutoConfiguration.java:94)
2025-08-07 02:15:22 [restartedMain] INFO InstanceInfoFactory - Setting initial instance status as: STARTING (InstanceInfoFactory.java:67)
2025-08-07 02:15:22 [restartedMain] INFO DiscoveryClient - Initializing Eureka in region us-east-1 (DiscoveryClient.java:327)
2025-08-07 02:15:22 [restartedMain] INFO DiscoveryClient - Client configured to neither register nor query for data. (DiscoveryClient.java:330)
2025-08-07 02:15:22 [restartedMain] INFO DiscoveryClient - Discovery Client initialized at timestamp 1754513122274 with initial instances count: 0 (DiscoveryClient.java:345)
2025-08-07 02:15:22 [restartedMain] INFO EurekaServiceRegistry - Registering application REGSITER-SERVICE with eureka with status UP (EurekaServiceRegistry.java:41)
2025-08-07 02:15:22 [restartedMain] INFO Http11NioProtocol - Starting ProtocolHandler ["http-nio-0.0.0.0-8082"] (DirectJDKLog.java:173)
2025-08-07 02:15:22 [restartedMain] INFO TomcatWebServer - Tomcat started on port(s): 8082 (http) with context path '' (TomcatWebServer.java:220)
2025-08-07 02:15:22 [restartedMain] INFO EurekaAutoServiceRegistration - Updating port to 8082 (EurekaAutoServiceRegistration.java:144)
2025-08-07 02:15:22 [restartedMain] INFO ConsumerConfig - ConsumerConfig values: 
	allow.auto.create.topics = true
	auto.commit.interval.ms = 5000
	auto.include.jmx.reporter = true
	auto.offset.reset = earliest
	bootstrap.servers = [192.168.29.52:29092, 192.168.29.52:29093, 192.168.29.52:29094]
	check.crcs = true
	client.dns.lookup = use_all_dns_ips
	client.id = consumer-consumer_group1-1
	client.rack = 
	connections.max.idle.ms = 540000
	default.api.timeout.ms = 60000
	enable.auto.commit = false
	exclude.internal.topics = true
	fetch.max.bytes = 52428800
	fetch.max.wait.ms = 500
	fetch.min.bytes = 1
	group.id = consumer_group1
	group.instance.id = null
	heartbeat.interval.ms = 3000
	interceptor.classes = []
	internal.leave.group.on.close = true
	internal.throw.on.fetch.stable.offset.unsupported = false
	isolation.level = read_uncommitted
	key.deserializer = class org.apache.kafka.common.serialization.StringDeserializer
	max.partition.fetch.bytes = 1048576
	max.poll.interval.ms = 300000
	max.poll.records = 500
	metadata.max.age.ms = 300000
	metric.reporters = []
	metrics.num.samples = 2
	metrics.recording.level = INFO
	metrics.sample.window.ms = 30000
	partition.assignment.strategy = [class org.apache.kafka.clients.consumer.RangeAssignor, class org.apache.kafka.clients.consumer.CooperativeStickyAssignor]
	receive.buffer.bytes = 65536
	reconnect.backoff.max.ms = 1000
	reconnect.backoff.ms = 50
	request.timeout.ms = 30000
	retry.backoff.ms = 100
	sasl.client.callback.handler.class = null
	sasl.jaas.config = null
	sasl.kerberos.kinit.cmd = /usr/bin/kinit
	sasl.kerberos.min.time.before.relogin = 60000
	sasl.kerberos.service.name = null
	sasl.kerberos.ticket.renew.jitter = 0.05
	sasl.kerberos.ticket.renew.window.factor = 0.8
	sasl.login.callback.handler.class = null
	sasl.login.class = null
	sasl.login.connect.timeout.ms = null
	sasl.login.read.timeout.ms = null
	sasl.login.refresh.buffer.seconds = 300
	sasl.login.refresh.min.period.seconds = 60
	sasl.login.refresh.window.factor = 0.8
	sasl.login.refresh.window.jitter = 0.05
	sasl.login.retry.backoff.max.ms = 10000
	sasl.login.retry.backoff.ms = 100
	sasl.mechanism = GSSAPI
	sasl.oauthbearer.clock.skew.seconds = 30
	sasl.oauthbearer.expected.audience = null
	sasl.oauthbearer.expected.issuer = null
	sasl.oauthbearer.jwks.endpoint.refresh.ms = 3600000
	sasl.oauthbearer.jwks.endpoint.retry.backoff.max.ms = 10000
	sasl.oauthbearer.jwks.endpoint.retry.backoff.ms = 100
	sasl.oauthbearer.jwks.endpoint.url = null
	sasl.oauthbearer.scope.claim.name = scope
	sasl.oauthbearer.sub.claim.name = sub
	sasl.oauthbearer.token.endpoint.url = null
	security.protocol = PLAINTEXT
	security.providers = null
	send.buffer.bytes = 131072
	session.timeout.ms = 45000
	socket.connection.setup.timeout.max.ms = 30000
	socket.connection.setup.timeout.ms = 10000
	ssl.cipher.suites = null
	ssl.enabled.protocols = [TLSv1.2, TLSv1.3]
	ssl.endpoint.identification.algorithm = https
	ssl.engine.factory.class = null
	ssl.key.password = null
	ssl.keymanager.algorithm = SunX509
	ssl.keystore.certificate.chain = null
	ssl.keystore.key = null
	ssl.keystore.location = null
	ssl.keystore.password = null
	ssl.keystore.type = JKS
	ssl.protocol = TLSv1.3
	ssl.provider = null
	ssl.secure.random.implementation = null
	ssl.trustmanager.algorithm = PKIX
	ssl.truststore.certificates = null
	ssl.truststore.location = null
	ssl.truststore.password = null
	ssl.truststore.type = JKS
	value.deserializer = class org.apache.kafka.common.serialization.StringDeserializer
 (AbstractConfig.java:376)
2025-08-07 02:15:22 [restartedMain] INFO AppInfoParser - Kafka version: 3.4.1 (AppInfoParser.java:119)
2025-08-07 02:15:22 [restartedMain] INFO AppInfoParser - Kafka commitId: 8a516edc2755df89 (AppInfoParser.java:120)
2025-08-07 02:15:22 [restartedMain] INFO AppInfoParser - Kafka startTimeMs: 1754513122692 (AppInfoParser.java:121)
2025-08-07 02:15:22 [restartedMain] INFO DefaultKafkaConsumerFactory$ExtendedKafkaConsumer - [Consumer clientId=consumer-consumer_group1-1, groupId=consumer_group1] Subscribed to topic(s): TO.DO.LOGGED.IN.USER (KafkaConsumer.java:969)
2025-08-07 02:15:22 [restartedMain] INFO UserRegistration - Started UserRegistration in 12.083 seconds (process running for 13.264) (StartupInfoLogger.java:57)
2025-08-07 02:15:23 [org.springframework.kafka.KafkaListenerEndpointContainer#0-0-C-1] INFO Metadata - [Consumer clientId=consumer-consumer_group1-1, groupId=consumer_group1] Resetting the last seen epoch of partition TO.DO.LOGGED.IN.USER-0 to 818 since the associated topicId changed from null to mdQnSgBSSgGHaWaHCN9L8Q (Metadata.java:402)
2025-08-07 02:15:23 [org.springframework.kafka.KafkaListenerEndpointContainer#0-0-C-1] INFO Metadata - [Consumer clientId=consumer-consumer_group1-1, groupId=consumer_group1] Cluster ID: 9j61rV59QeGa2rQ8PICIkQ (Metadata.java:287)
2025-08-07 02:15:23 [org.springframework.kafka.KafkaListenerEndpointContainer#0-0-C-1] INFO ConsumerCoordinator - [Consumer clientId=consumer-consumer_group1-1, groupId=consumer_group1] Discovered group coordinator 192.168.29.52:29093 (id: 2147483645 rack: null) (AbstractCoordinator.java:896)
2025-08-07 02:15:23 [org.springframework.kafka.KafkaListenerEndpointContainer#0-0-C-1] INFO ConsumerCoordinator - [Consumer clientId=consumer-consumer_group1-1, groupId=consumer_group1] (Re-)joining group (AbstractCoordinator.java:566)
2025-08-07 02:15:23 [org.springframework.kafka.KafkaListenerEndpointContainer#0-0-C-1] INFO ConsumerCoordinator - [Consumer clientId=consumer-consumer_group1-1, groupId=consumer_group1] Request joining group due to: need to re-join with the given member-id: consumer-consumer_group1-1-92039f9a-8860-4294-9751-cd66b3cf169b (AbstractCoordinator.java:1062)
2025-08-07 02:15:23 [org.springframework.kafka.KafkaListenerEndpointContainer#0-0-C-1] INFO ConsumerCoordinator - [Consumer clientId=consumer-consumer_group1-1, groupId=consumer_group1] Request joining group due to: rebalance failed due to 'The group member needs to have a valid member id before actually entering a consumer group.' (MemberIdRequiredException) (AbstractCoordinator.java:1062)
2025-08-07 02:15:23 [org.springframework.kafka.KafkaListenerEndpointContainer#0-0-C-1] INFO ConsumerCoordinator - [Consumer clientId=consumer-consumer_group1-1, groupId=consumer_group1] (Re-)joining group (AbstractCoordinator.java:566)
2025-08-07 02:15:23 [RMI TCP Connection(3)-127.0.0.1] INFO [/] - Initializing Spring DispatcherServlet 'dispatcherServlet' (DirectJDKLog.java:173)
2025-08-07 02:15:23 [RMI TCP Connection(3)-127.0.0.1] INFO DispatcherServlet - Initializing Servlet 'dispatcherServlet' (FrameworkServlet.java:532)
2025-08-07 02:15:23 [RMI TCP Connection(3)-127.0.0.1] INFO DispatcherServlet - Completed initialization in 3 ms (FrameworkServlet.java:554)
2025-08-07 02:15:26 [org.springframework.kafka.KafkaListenerEndpointContainer#0-0-C-1] INFO ConsumerCoordinator - [Consumer clientId=consumer-consumer_group1-1, groupId=consumer_group1] Successfully joined group with generation Generation{generationId=1, memberId='consumer-consumer_group1-1-92039f9a-8860-4294-9751-cd66b3cf169b', protocol='range'} (AbstractCoordinator.java:627)
2025-08-07 02:15:26 [org.springframework.kafka.KafkaListenerEndpointContainer#0-0-C-1] INFO ConsumerCoordinator - [Consumer clientId=consumer-consumer_group1-1, groupId=consumer_group1] Finished assignment for group at generation 1: {consumer-consumer_group1-1-92039f9a-8860-4294-9751-cd66b3cf169b=Assignment(partitions=[TO.DO.LOGGED.IN.USER-0])} (ConsumerCoordinator.java:710)
2025-08-07 02:15:26 [org.springframework.kafka.KafkaListenerEndpointContainer#0-0-C-1] INFO ConsumerCoordinator - [Consumer clientId=consumer-consumer_group1-1, groupId=consumer_group1] Successfully synced group in generation Generation{generationId=1, memberId='consumer-consumer_group1-1-92039f9a-8860-4294-9751-cd66b3cf169b', protocol='range'} (AbstractCoordinator.java:802)
2025-08-07 02:15:26 [org.springframework.kafka.KafkaListenerEndpointContainer#0-0-C-1] INFO ConsumerCoordinator - [Consumer clientId=consumer-consumer_group1-1, groupId=consumer_group1] Notifying assignor about the new Assignment(partitions=[TO.DO.LOGGED.IN.USER-0]) (ConsumerCoordinator.java:305)
2025-08-07 02:15:26 [org.springframework.kafka.KafkaListenerEndpointContainer#0-0-C-1] INFO ConsumerCoordinator - [Consumer clientId=consumer-consumer_group1-1, groupId=consumer_group1] Adding newly assigned partitions: TO.DO.LOGGED.IN.USER-0 (ConsumerCoordinator.java:317)
2025-08-07 02:15:26 [org.springframework.kafka.KafkaListenerEndpointContainer#0-0-C-1] INFO ConsumerCoordinator - [Consumer clientId=consumer-consumer_group1-1, groupId=consumer_group1] Found no committed offset for partition TO.DO.LOGGED.IN.USER-0 (ConsumerCoordinator.java:1543)
2025-08-07 02:15:26 [org.springframework.kafka.KafkaListenerEndpointContainer#0-0-C-1] INFO SubscriptionState - [Consumer clientId=consumer-consumer_group1-1, groupId=consumer_group1] Resetting offset for partition TO.DO.LOGGED.IN.USER-0 to position FetchPosition{offset=35, offsetEpoch=Optional.empty, currentLeader=LeaderAndEpoch{leader=Optional[192.168.29.52:29093 (id: 2 rack: null)], epoch=818}}. (SubscriptionState.java:399)
2025-08-07 02:15:26 [org.springframework.kafka.KafkaListenerEndpointContainer#0-0-C-1] INFO KafkaMessageListenerContainer - consumer_group1: partitions assigned: [TO.DO.LOGGED.IN.USER-0] (LogAccessor.java:292)
2025-08-07 02:16:49 [org.springframework.kafka.KafkaListenerEndpointContainer#0-0-C-1] INFO UserService - value : {"username":"rsp","email":"raspawar007@gmail.com","passwordHash":"$2a$10$3KHNfJ7lDZ8k30M5CWyt.elAip.IDhqOm.SeQWEW5bQ9AZDVrOcNi","firstName":"Ravindra","middleName":"Singh","lastName":"Pawar","createdAt":1736274600000,"updatedAt":1736274600000,"loggedIn":true,"roles":[{"name":"USER","permissions":[],"createdSource":null,"lastUpdatedSource":null,"role_id":1,"createdDttm":null,"lastUpdatedDttm":null}],"user_id":2} (UserService.java:289)
2025-08-07 02:16:49 [org.springframework.kafka.KafkaListenerEndpointContainer#0-0-C-1] INFO UserService - Consumed message : User [user_id=2, username=rsp, email=raspawar007@gmail.com, passwordHash=$2a$10$3KHNfJ7lDZ8k30M5CWyt.elAip.IDhqOm.SeQWEW5bQ9AZDVrOcNi, firstName=Ravindra, middleName=Singh, lastName=Pawar, createdAt=2025-01-08, updatedAt=2025-01-08, loggedIn=true, userRoles=[Role [role_id=1, name=USER, permissions=[], createdDttm=null, lastUpdatedDttm=null, createdSource=null, lastUpdatedSource=null]]] with key : null from partition : 0 (UserService.java:290)
2025-08-07 02:16:49 [org.springframework.kafka.KafkaListenerEndpointContainer#0-0-C-1] INFO UserService - User logged in : rsp (UserService.java:294)
2025-08-07 02:24:23 [org.springframework.kafka.KafkaListenerEndpointContainer#0-0-C-1] INFO NetworkClient - [Consumer clientId=consumer-consumer_group1-1, groupId=consumer_group1] Node -2 disconnected. (NetworkClient.java:937)
2025-08-07 02:36:11 [org.springframework.kafka.KafkaListenerEndpointContainer#0-0-C-1] INFO NetworkClient - [Consumer clientId=consumer-consumer_group1-1, groupId=consumer_group1] Node 2 disconnected. (NetworkClient.java:937)
2025-08-07 02:36:11 [org.springframework.kafka.KafkaListenerEndpointContainer#0-0-C-1] INFO NetworkClient - [Consumer clientId=consumer-consumer_group1-1, groupId=consumer_group1] Cancelled in-flight FETCH request with correlation id 2139 due to node 2 being disconnected (elapsed time since creation: 327125ms, elapsed time since send: 327125ms, request timeout: 30000ms) (NetworkClient.java:341)
2025-08-07 02:36:11 [org.springframework.kafka.KafkaListenerEndpointContainer#0-0-C-1] INFO NetworkClient - [Consumer clientId=consumer-consumer_group1-1, groupId=consumer_group1] Node 2147483645 disconnected. (NetworkClient.java:937)
2025-08-07 02:36:11 [kafka-coordinator-heartbeat-thread | consumer_group1] INFO ConsumerCoordinator - [Consumer clientId=consumer-consumer_group1-1, groupId=consumer_group1] Group coordinator 192.168.29.52:29093 (id: 2147483645 rack: null) is unavailable or invalid due to cause: coordinator unavailable. isDisconnected: true. Rediscovery will be attempted. (AbstractCoordinator.java:959)
2025-08-07 02:36:11 [org.springframework.kafka.KafkaListenerEndpointContainer#0-0-C-1] INFO FetchSessionHandler - [Consumer clientId=consumer-consumer_group1-1, groupId=consumer_group1] Error sending fetch request (sessionId=1986499008, epoch=1820) to node 2: (FetchSessionHandler.java:602)
org.apache.kafka.common.errors.DisconnectException: null
2025-08-07 02:36:11 [org.springframework.kafka.KafkaListenerEndpointContainer#0-0-C-1] INFO NetworkClient - [Consumer clientId=consumer-consumer_group1-1, groupId=consumer_group1] Node 1 disconnected. (NetworkClient.java:937)
2025-08-07 02:36:11 [org.springframework.kafka.KafkaListenerEndpointContainer#0-0-C-1] WARN NetworkClient - [Consumer clientId=consumer-consumer_group1-1, groupId=consumer_group1] Connection to node 1 (/192.168.29.52:29092) could not be established. Broker may not be available. (NetworkClient.java:775)
2025-08-07 02:36:11 [org.springframework.kafka.KafkaListenerEndpointContainer#0-0-C-1] INFO NetworkClient - [Consumer clientId=consumer-consumer_group1-1, groupId=consumer_group1] Node 3 disconnected. (NetworkClient.java:937)
2025-08-07 02:36:11 [org.springframework.kafka.KafkaListenerEndpointContainer#0-0-C-1] WARN NetworkClient - [Consumer clientId=consumer-consumer_group1-1, groupId=consumer_group1] Connection to node 3 (/192.168.29.52:29094) could not be established. Broker may not be available. (NetworkClient.java:775)
2025-08-07 02:36:11 [org.springframework.kafka.KafkaListenerEndpointContainer#0-0-C-1] INFO NetworkClient - [Consumer clientId=consumer-consumer_group1-1, groupId=consumer_group1] Node 2 disconnected. (NetworkClient.java:937)
2025-08-07 02:36:11 [org.springframework.kafka.KafkaListenerEndpointContainer#0-0-C-1] WARN NetworkClient - [Consumer clientId=consumer-consumer_group1-1, groupId=consumer_group1] Connection to node 2 (/192.168.29.52:29093) could not be established. Broker may not be available. (NetworkClient.java:775)
2025-08-07 02:36:11 [org.springframework.kafka.KafkaListenerEndpointContainer#0-0-C-1] INFO NetworkClient - [Consumer clientId=consumer-consumer_group1-1, groupId=consumer_group1] Node 1 disconnected. (NetworkClient.java:937)
2025-08-07 02:36:11 [org.springframework.kafka.KafkaListenerEndpointContainer#0-0-C-1] WARN NetworkClient - [Consumer clientId=consumer-consumer_group1-1, groupId=consumer_group1] Connection to node 1 (/192.168.29.52:29092) could not be established. Broker may not be available. (NetworkClient.java:775)
2025-08-07 02:36:11 [org.springframework.kafka.KafkaListenerEndpointContainer#0-0-C-1] INFO NetworkClient - [Consumer clientId=consumer-consumer_group1-1, groupId=consumer_group1] Node 3 disconnected. (NetworkClient.java:937)
2025-08-07 02:36:11 [org.springframework.kafka.KafkaListenerEndpointContainer#0-0-C-1] WARN NetworkClient - [Consumer clientId=consumer-consumer_group1-1, groupId=consumer_group1] Connection to node 3 (/192.168.29.52:29094) could not be established. Broker may not be available. (NetworkClient.java:775)
2025-08-07 02:36:11 [org.springframework.kafka.KafkaListenerEndpointContainer#0-0-C-1] INFO NetworkClient - [Consumer clientId=consumer-consumer_group1-1, groupId=consumer_group1] Node 2 disconnected. (NetworkClient.java:937)
2025-08-07 02:36:11 [org.springframework.kafka.KafkaListenerEndpointContainer#0-0-C-1] WARN NetworkClient - [Consumer clientId=consumer-consumer_group1-1, groupId=consumer_group1] Connection to node 2 (/192.168.29.52:29093) could not be established. Broker may not be available. (NetworkClient.java:775)
2025-08-07 02:36:11 [org.springframework.kafka.KafkaListenerEndpointContainer#0-0-C-1] INFO NetworkClient - [Consumer clientId=consumer-consumer_group1-1, groupId=consumer_group1] Node 1 disconnected. (NetworkClient.java:937)
2025-08-07 02:36:11 [org.springframework.kafka.KafkaListenerEndpointContainer#0-0-C-1] WARN NetworkClient - [Consumer clientId=consumer-consumer_group1-1, groupId=consumer_group1] Connection to node 1 (/192.168.29.52:29092) could not be established. Broker may not be available. (NetworkClient.java:775)
2025-08-07 02:36:11 [org.springframework.kafka.KafkaListenerEndpointContainer#0-0-C-1] INFO NetworkClient - [Consumer clientId=consumer-consumer_group1-1, groupId=consumer_group1] Node 3 disconnected. (NetworkClient.java:937)
2025-08-07 02:36:11 [org.springframework.kafka.KafkaListenerEndpointContainer#0-0-C-1] WARN NetworkClient - [Consumer clientId=consumer-consumer_group1-1, groupId=consumer_group1] Connection to node 3 (/192.168.29.52:29094) could not be established. Broker may not be available. (NetworkClient.java:775)
2025-08-07 02:36:12 [org.springframework.kafka.KafkaListenerEndpointContainer#0-0-C-1] INFO NetworkClient - [Consumer clientId=consumer-consumer_group1-1, groupId=consumer_group1] Node 2 disconnected. (NetworkClient.java:937)
2025-08-07 02:36:12 [org.springframework.kafka.KafkaListenerEndpointContainer#0-0-C-1] WARN NetworkClient - [Consumer clientId=consumer-consumer_group1-1, groupId=consumer_group1] Connection to node 2 (/192.168.29.52:29093) could not be established. Broker may not be available. (NetworkClient.java:775)
2025-08-07 02:36:12 [org.springframework.kafka.KafkaListenerEndpointContainer#0-0-C-1] INFO NetworkClient - [Consumer clientId=consumer-consumer_group1-1, groupId=consumer_group1] Node 1 disconnected. (NetworkClient.java:937)
2025-08-07 02:36:12 [org.springframework.kafka.KafkaListenerEndpointContainer#0-0-C-1] WARN NetworkClient - [Consumer clientId=consumer-consumer_group1-1, groupId=consumer_group1] Connection to node 1 (/192.168.29.52:29092) could not be established. Broker may not be available. (NetworkClient.java:775)
2025-08-07 02:36:12 [org.springframework.kafka.KafkaListenerEndpointContainer#0-0-C-1] INFO NetworkClient - [Consumer clientId=consumer-consumer_group1-1, groupId=consumer_group1] Node 3 disconnected. (NetworkClient.java:937)
2025-08-07 02:36:12 [org.springframework.kafka.KafkaListenerEndpointContainer#0-0-C-1] WARN NetworkClient - [Consumer clientId=consumer-consumer_group1-1, groupId=consumer_group1] Connection to node 3 (/192.168.29.52:29094) could not be established. Broker may not be available. (NetworkClient.java:775)
2025-08-07 02:36:12 [org.springframework.kafka.KafkaListenerEndpointContainer#0-0-C-1] INFO NetworkClient - [Consumer clientId=consumer-consumer_group1-1, groupId=consumer_group1] Node 2 disconnected. (NetworkClient.java:937)
2025-08-07 02:36:12 [org.springframework.kafka.KafkaListenerEndpointContainer#0-0-C-1] WARN NetworkClient - [Consumer clientId=consumer-consumer_group1-1, groupId=consumer_group1] Connection to node 2 (/192.168.29.52:29093) could not be established. Broker may not be available. (NetworkClient.java:775)
2025-08-07 02:36:12 [org.springframework.kafka.KafkaListenerEndpointContainer#0-0-C-1] INFO NetworkClient - [Consumer clientId=consumer-consumer_group1-1, groupId=consumer_group1] Node 1 disconnected. (NetworkClient.java:937)
2025-08-07 02:36:12 [org.springframework.kafka.KafkaListenerEndpointContainer#0-0-C-1] WARN NetworkClient - [Consumer clientId=consumer-consumer_group1-1, groupId=consumer_group1] Connection to node 1 (/192.168.29.52:29092) could not be established. Broker may not be available. (NetworkClient.java:775)
2025-08-07 02:36:12 [org.springframework.kafka.KafkaListenerEndpointContainer#0-0-C-1] INFO NetworkClient - [Consumer clientId=consumer-consumer_group1-1, groupId=consumer_group1] Node 3 disconnected. (NetworkClient.java:937)
2025-08-07 02:36:12 [org.springframework.kafka.KafkaListenerEndpointContainer#0-0-C-1] WARN NetworkClient - [Consumer clientId=consumer-consumer_group1-1, groupId=consumer_group1] Connection to node 3 (/192.168.29.52:29094) could not be established. Broker may not be available. (NetworkClient.java:775)
2025-08-07 02:36:13 [org.springframework.kafka.KafkaListenerEndpointContainer#0-0-C-1] INFO NetworkClient - [Consumer clientId=consumer-consumer_group1-1, groupId=consumer_group1] Node 2 disconnected. (NetworkClient.java:937)
2025-08-07 02:36:13 [org.springframework.kafka.KafkaListenerEndpointContainer#0-0-C-1] WARN NetworkClient - [Consumer clientId=consumer-consumer_group1-1, groupId=consumer_group1] Connection to node 2 (/192.168.29.52:29093) could not be established. Broker may not be available. (NetworkClient.java:775)
2025-08-07 02:36:13 [org.springframework.kafka.KafkaListenerEndpointContainer#0-0-C-1] INFO NetworkClient - [Consumer clientId=consumer-consumer_group1-1, groupId=consumer_group1] Node 3 disconnected. (NetworkClient.java:937)
2025-08-07 02:36:13 [org.springframework.kafka.KafkaListenerEndpointContainer#0-0-C-1] WARN NetworkClient - [Consumer clientId=consumer-consumer_group1-1, groupId=consumer_group1] Connection to node 3 (/192.168.29.52:29094) could not be established. Broker may not be available. (NetworkClient.java:775)
2025-08-07 02:36:13 [org.springframework.kafka.KafkaListenerEndpointContainer#0-0-C-1] INFO NetworkClient - [Consumer clientId=consumer-consumer_group1-1, groupId=consumer_group1] Node 1 disconnected. (NetworkClient.java:937)
2025-08-07 02:36:13 [org.springframework.kafka.KafkaListenerEndpointContainer#0-0-C-1] WARN NetworkClient - [Consumer clientId=consumer-consumer_group1-1, groupId=consumer_group1] Connection to node 1 (/192.168.29.52:29092) could not be established. Broker may not be available. (NetworkClient.java:775)
2025-08-07 02:36:14 [org.springframework.kafka.KafkaListenerEndpointContainer#0-0-C-1] INFO NetworkClient - [Consumer clientId=consumer-consumer_group1-1, groupId=consumer_group1] Node 2 disconnected. (NetworkClient.java:937)
2025-08-07 02:36:14 [org.springframework.kafka.KafkaListenerEndpointContainer#0-0-C-1] WARN NetworkClient - [Consumer clientId=consumer-consumer_group1-1, groupId=consumer_group1] Connection to node 2 (/192.168.29.52:29093) could not be established. Broker may not be available. (NetworkClient.java:775)
2025-08-07 02:36:14 [HikariPool-1 housekeeper] WARN HikariPool - HikariPool-1 - Thread starvation or clock leap detected (housekeeper delta=5m56s750ms955µs900ns). (HikariPool.java:804)
2025-08-07 02:36:14 [org.springframework.kafka.KafkaListenerEndpointContainer#0-0-C-1] INFO NetworkClient - [Consumer clientId=consumer-consumer_group1-1, groupId=consumer_group1] Node 1 disconnected. (NetworkClient.java:937)
2025-08-07 02:36:14 [org.springframework.kafka.KafkaListenerEndpointContainer#0-0-C-1] WARN NetworkClient - [Consumer clientId=consumer-consumer_group1-1, groupId=consumer_group1] Connection to node 1 (/192.168.29.52:29092) could not be established. Broker may not be available. (NetworkClient.java:775)
2025-08-07 02:36:14 [org.springframework.kafka.KafkaListenerEndpointContainer#0-0-C-1] INFO NetworkClient - [Consumer clientId=consumer-consumer_group1-1, groupId=consumer_group1] Node 3 disconnected. (NetworkClient.java:937)
2025-08-07 02:36:14 [org.springframework.kafka.KafkaListenerEndpointContainer#0-0-C-1] WARN NetworkClient - [Consumer clientId=consumer-consumer_group1-1, groupId=consumer_group1] Connection to node 3 (/192.168.29.52:29094) could not be established. Broker may not be available. (NetworkClient.java:775)
2025-08-07 02:36:15 [org.springframework.kafka.KafkaListenerEndpointContainer#0-0-C-1] INFO NetworkClient - [Consumer clientId=consumer-consumer_group1-1, groupId=consumer_group1] Node 2 disconnected. (NetworkClient.java:937)
2025-08-07 02:36:15 [org.springframework.kafka.KafkaListenerEndpointContainer#0-0-C-1] WARN NetworkClient - [Consumer clientId=consumer-consumer_group1-1, groupId=consumer_group1] Connection to node 2 (/192.168.29.52:29093) could not be established. Broker may not be available. (NetworkClient.java:775)
2025-08-07 02:36:15 [org.springframework.kafka.KafkaListenerEndpointContainer#0-0-C-1] INFO NetworkClient - [Consumer clientId=consumer-consumer_group1-1, groupId=consumer_group1] Node 1 disconnected. (NetworkClient.java:937)
2025-08-07 02:36:15 [org.springframework.kafka.KafkaListenerEndpointContainer#0-0-C-1] WARN NetworkClient - [Consumer clientId=consumer-consumer_group1-1, groupId=consumer_group1] Connection to node 1 (/192.168.29.52:29092) could not be established. Broker may not be available. (NetworkClient.java:775)
2025-08-07 02:36:15 [org.springframework.kafka.KafkaListenerEndpointContainer#0-0-C-1] INFO NetworkClient - [Consumer clientId=consumer-consumer_group1-1, groupId=consumer_group1] Node 3 disconnected. (NetworkClient.java:937)
2025-08-07 02:36:15 [org.springframework.kafka.KafkaListenerEndpointContainer#0-0-C-1] WARN NetworkClient - [Consumer clientId=consumer-consumer_group1-1, groupId=consumer_group1] Connection to node 3 (/192.168.29.52:29094) could not be established. Broker may not be available. (NetworkClient.java:775)
2025-08-07 02:36:16 [org.springframework.kafka.KafkaListenerEndpointContainer#0-0-C-1] INFO NetworkClient - [Consumer clientId=consumer-consumer_group1-1, groupId=consumer_group1] Node 2 disconnected. (NetworkClient.java:937)
2025-08-07 02:36:16 [org.springframework.kafka.KafkaListenerEndpointContainer#0-0-C-1] WARN NetworkClient - [Consumer clientId=consumer-consumer_group1-1, groupId=consumer_group1] Connection to node 2 (/192.168.29.52:29093) could not be established. Broker may not be available. (NetworkClient.java:775)
2025-08-07 02:36:16 [org.springframework.kafka.KafkaListenerEndpointContainer#0-0-C-1] INFO NetworkClient - [Consumer clientId=consumer-consumer_group1-1, groupId=consumer_group1] Node 1 disconnected. (NetworkClient.java:937)
2025-08-07 02:36:16 [org.springframework.kafka.KafkaListenerEndpointContainer#0-0-C-1] WARN NetworkClient - [Consumer clientId=consumer-consumer_group1-1, groupId=consumer_group1] Connection to node 1 (/192.168.29.52:29092) could not be established. Broker may not be available. (NetworkClient.java:775)
2025-08-07 02:36:16 [org.springframework.kafka.KafkaListenerEndpointContainer#0-0-C-1] INFO NetworkClient - [Consumer clientId=consumer-consumer_group1-1, groupId=consumer_group1] Node 3 disconnected. (NetworkClient.java:937)
2025-08-07 02:36:16 [org.springframework.kafka.KafkaListenerEndpointContainer#0-0-C-1] WARN NetworkClient - [Consumer clientId=consumer-consumer_group1-1, groupId=consumer_group1] Connection to node 3 (/192.168.29.52:29094) could not be established. Broker may not be available. (NetworkClient.java:775)
2025-08-07 03:30:43 [kafka-coordinator-heartbeat-thread | consumer_group1] INFO NetworkClient - [Consumer clientId=consumer-consumer_group1-1, groupId=consumer_group1] Node 2 disconnected. (NetworkClient.java:937)
2025-08-07 03:30:43 [kafka-coordinator-heartbeat-thread | consumer_group1] WARN NetworkClient - [Consumer clientId=consumer-consumer_group1-1, groupId=consumer_group1] Connection to node 2 (/192.168.29.52:29093) could not be established. Broker may not be available. (NetworkClient.java:775)
2025-08-07 03:30:43 [org.springframework.kafka.KafkaListenerEndpointContainer#0-0-C-1] INFO NetworkClient - [Consumer clientId=consumer-consumer_group1-1, groupId=consumer_group1] Node 1 disconnected. (NetworkClient.java:937)
2025-08-07 03:30:43 [org.springframework.kafka.KafkaListenerEndpointContainer#0-0-C-1] WARN NetworkClient - [Consumer clientId=consumer-consumer_group1-1, groupId=consumer_group1] Connection to node 1 (/192.168.29.52:29092) could not be established. Broker may not be available. (NetworkClient.java:775)
2025-08-07 03:30:43 [org.springframework.kafka.KafkaListenerEndpointContainer#0-0-C-1] INFO NetworkClient - [Consumer clientId=consumer-consumer_group1-1, groupId=consumer_group1] Node 3 disconnected. (NetworkClient.java:937)
2025-08-07 03:30:43 [org.springframework.kafka.KafkaListenerEndpointContainer#0-0-C-1] WARN NetworkClient - [Consumer clientId=consumer-consumer_group1-1, groupId=consumer_group1] Connection to node 3 (/192.168.29.52:29094) could not be established. Broker may not be available. (NetworkClient.java:775)
2025-08-07 03:30:44 [org.springframework.kafka.KafkaListenerEndpointContainer#0-0-C-1] INFO NetworkClient - [Consumer clientId=consumer-consumer_group1-1, groupId=consumer_group1] Node 1 disconnected. (NetworkClient.java:937)
2025-08-07 03:30:44 [org.springframework.kafka.KafkaListenerEndpointContainer#0-0-C-1] WARN NetworkClient - [Consumer clientId=consumer-consumer_group1-1, groupId=consumer_group1] Connection to node 1 (/192.168.29.52:29092) could not be established. Broker may not be available. (NetworkClient.java:775)
2025-08-07 03:30:44 [org.springframework.kafka.KafkaListenerEndpointContainer#0-0-C-1] INFO NetworkClient - [Consumer clientId=consumer-consumer_group1-1, groupId=consumer_group1] Node 2 disconnected. (NetworkClient.java:937)
2025-08-07 03:30:44 [org.springframework.kafka.KafkaListenerEndpointContainer#0-0-C-1] WARN NetworkClient - [Consumer clientId=consumer-consumer_group1-1, groupId=consumer_group1] Connection to node 2 (/192.168.29.52:29093) could not be established. Broker may not be available. (NetworkClient.java:775)
2025-08-07 03:30:44 [org.springframework.kafka.KafkaListenerEndpointContainer#0-0-C-1] INFO NetworkClient - [Consumer clientId=consumer-consumer_group1-1, groupId=consumer_group1] Node 3 disconnected. (NetworkClient.java:937)
2025-08-07 03:30:44 [org.springframework.kafka.KafkaListenerEndpointContainer#0-0-C-1] WARN NetworkClient - [Consumer clientId=consumer-consumer_group1-1, groupId=consumer_group1] Connection to node 3 (/192.168.29.52:29094) could not be established. Broker may not be available. (NetworkClient.java:775)
2025-08-07 03:30:45 [org.springframework.kafka.KafkaListenerEndpointContainer#0-0-C-1] INFO NetworkClient - [Consumer clientId=consumer-consumer_group1-1, groupId=consumer_group1] Node 1 disconnected. (NetworkClient.java:937)
2025-08-07 03:30:45 [org.springframework.kafka.KafkaListenerEndpointContainer#0-0-C-1] WARN NetworkClient - [Consumer clientId=consumer-consumer_group1-1, groupId=consumer_group1] Connection to node 1 (/192.168.29.52:29092) could not be established. Broker may not be available. (NetworkClient.java:775)
2025-08-07 03:30:45 [org.springframework.kafka.KafkaListenerEndpointContainer#0-0-C-1] INFO NetworkClient - [Consumer clientId=consumer-consumer_group1-1, groupId=consumer_group1] Node 2 disconnected. (NetworkClient.java:937)
2025-08-07 03:30:45 [org.springframework.kafka.KafkaListenerEndpointContainer#0-0-C-1] WARN NetworkClient - [Consumer clientId=consumer-consumer_group1-1, groupId=consumer_group1] Connection to node 2 (/192.168.29.52:29093) could not be established. Broker may not be available. (NetworkClient.java:775)
2025-08-07 03:30:46 [org.springframework.kafka.KafkaListenerEndpointContainer#0-0-C-1] INFO NetworkClient - [Consumer clientId=consumer-consumer_group1-1, groupId=consumer_group1] Node 3 disconnected. (NetworkClient.java:937)
2025-08-07 03:30:46 [org.springframework.kafka.KafkaListenerEndpointContainer#0-0-C-1] WARN NetworkClient - [Consumer clientId=consumer-consumer_group1-1, groupId=consumer_group1] Connection to node 3 (/192.168.29.52:29094) could not be established. Broker may not be available. (NetworkClient.java:775)
2025-08-07 03:30:46 [org.springframework.kafka.KafkaListenerEndpointContainer#0-0-C-1] INFO ConsumerCoordinator - [Consumer clientId=consumer-consumer_group1-1, groupId=consumer_group1] Discovered group coordinator 192.168.29.52:29093 (id: 2147483645 rack: null) (AbstractCoordinator.java:896)
2025-08-07 03:30:46 [org.springframework.kafka.KafkaListenerEndpointContainer#0-0-C-1] INFO ConsumerCoordinator - [Consumer clientId=consumer-consumer_group1-1, groupId=consumer_group1] Attempt to heartbeat with Generation{generationId=1, memberId='consumer-consumer_group1-1-92039f9a-8860-4294-9751-cd66b3cf169b', protocol='range'} and group instance id Optional.empty failed due to UNKNOWN_MEMBER_ID, resetting generation (AbstractCoordinator.java:1216)
2025-08-07 03:30:46 [org.springframework.kafka.KafkaListenerEndpointContainer#0-0-C-1] INFO ConsumerCoordinator - [Consumer clientId=consumer-consumer_group1-1, groupId=consumer_group1] Resetting generation and member id due to: encountered UNKNOWN_MEMBER_ID from HEARTBEAT response (AbstractCoordinator.java:1015)
2025-08-07 03:30:46 [org.springframework.kafka.KafkaListenerEndpointContainer#0-0-C-1] INFO ConsumerCoordinator - [Consumer clientId=consumer-consumer_group1-1, groupId=consumer_group1] Request joining group due to: encountered UNKNOWN_MEMBER_ID from HEARTBEAT response (AbstractCoordinator.java:1062)
2025-08-07 03:30:46 [org.springframework.kafka.KafkaListenerEndpointContainer#0-0-C-1] INFO ConsumerCoordinator - [Consumer clientId=consumer-consumer_group1-1, groupId=consumer_group1] Giving away all assigned partitions as lost since generation/memberID has been reset,indicating that consumer is in old state or no longer part of the group (ConsumerCoordinator.java:824)
2025-08-07 03:30:46 [org.springframework.kafka.KafkaListenerEndpointContainer#0-0-C-1] INFO ConsumerCoordinator - [Consumer clientId=consumer-consumer_group1-1, groupId=consumer_group1] Lost previously assigned partitions TO.DO.LOGGED.IN.USER-0 (ConsumerCoordinator.java:359)
2025-08-07 03:30:46 [org.springframework.kafka.KafkaListenerEndpointContainer#0-0-C-1] INFO KafkaMessageListenerContainer - consumer_group1: partitions lost: [TO.DO.LOGGED.IN.USER-0] (LogAccessor.java:292)
2025-08-07 03:30:46 [org.springframework.kafka.KafkaListenerEndpointContainer#0-0-C-1] INFO KafkaMessageListenerContainer - consumer_group1: partitions revoked: [TO.DO.LOGGED.IN.USER-0] (LogAccessor.java:292)
2025-08-07 03:30:46 [org.springframework.kafka.KafkaListenerEndpointContainer#0-0-C-1] INFO ConsumerCoordinator - [Consumer clientId=consumer-consumer_group1-1, groupId=consumer_group1] (Re-)joining group (AbstractCoordinator.java:566)
2025-08-07 03:30:46 [org.springframework.kafka.KafkaListenerEndpointContainer#0-0-C-1] INFO ConsumerCoordinator - [Consumer clientId=consumer-consumer_group1-1, groupId=consumer_group1] Request joining group due to: need to re-join with the given member-id: consumer-consumer_group1-1-15535837-e5df-43b4-9e00-28ee3a705750 (AbstractCoordinator.java:1062)
2025-08-07 03:30:46 [org.springframework.kafka.KafkaListenerEndpointContainer#0-0-C-1] INFO ConsumerCoordinator - [Consumer clientId=consumer-consumer_group1-1, groupId=consumer_group1] Request joining group due to: rebalance failed due to 'The group member needs to have a valid member id before actually entering a consumer group.' (MemberIdRequiredException) (AbstractCoordinator.java:1062)
2025-08-07 03:30:46 [org.springframework.kafka.KafkaListenerEndpointContainer#0-0-C-1] INFO ConsumerCoordinator - [Consumer clientId=consumer-consumer_group1-1, groupId=consumer_group1] (Re-)joining group (AbstractCoordinator.java:566)
2025-08-07 03:30:49 [org.springframework.kafka.KafkaListenerEndpointContainer#0-0-C-1] INFO ConsumerCoordinator - [Consumer clientId=consumer-consumer_group1-1, groupId=consumer_group1] Successfully joined group with generation Generation{generationId=3, memberId='consumer-consumer_group1-1-15535837-e5df-43b4-9e00-28ee3a705750', protocol='range'} (AbstractCoordinator.java:627)
2025-08-07 03:30:49 [org.springframework.kafka.KafkaListenerEndpointContainer#0-0-C-1] INFO ConsumerCoordinator - [Consumer clientId=consumer-consumer_group1-1, groupId=consumer_group1] Finished assignment for group at generation 3: {consumer-consumer_group1-1-15535837-e5df-43b4-9e00-28ee3a705750=Assignment(partitions=[TO.DO.LOGGED.IN.USER-0])} (ConsumerCoordinator.java:710)
2025-08-07 03:30:49 [org.springframework.kafka.KafkaListenerEndpointContainer#0-0-C-1] INFO ConsumerCoordinator - [Consumer clientId=consumer-consumer_group1-1, groupId=consumer_group1] Successfully synced group in generation Generation{generationId=3, memberId='consumer-consumer_group1-1-15535837-e5df-43b4-9e00-28ee3a705750', protocol='range'} (AbstractCoordinator.java:802)
2025-08-07 03:30:49 [org.springframework.kafka.KafkaListenerEndpointContainer#0-0-C-1] INFO ConsumerCoordinator - [Consumer clientId=consumer-consumer_group1-1, groupId=consumer_group1] Notifying assignor about the new Assignment(partitions=[TO.DO.LOGGED.IN.USER-0]) (ConsumerCoordinator.java:305)
2025-08-07 03:30:49 [org.springframework.kafka.KafkaListenerEndpointContainer#0-0-C-1] INFO ConsumerCoordinator - [Consumer clientId=consumer-consumer_group1-1, groupId=consumer_group1] Adding newly assigned partitions: TO.DO.LOGGED.IN.USER-0 (ConsumerCoordinator.java:317)
2025-08-07 03:30:50 [org.springframework.kafka.KafkaListenerEndpointContainer#0-0-C-1] INFO ConsumerCoordinator - [Consumer clientId=consumer-consumer_group1-1, groupId=consumer_group1] Setting offset for partition TO.DO.LOGGED.IN.USER-0 to the committed offset FetchPosition{offset=36, offsetEpoch=Optional.empty, currentLeader=LeaderAndEpoch{leader=Optional[192.168.29.52:29093 (id: 2 rack: null)], epoch=818}} (ConsumerCoordinator.java:973)
2025-08-07 03:30:50 [org.springframework.kafka.KafkaListenerEndpointContainer#0-0-C-1] INFO KafkaMessageListenerContainer - consumer_group1: partitions assigned: [TO.DO.LOGGED.IN.USER-0] (LogAccessor.java:292)
2025-08-07 11:53:18 [org.springframework.kafka.KafkaListenerEndpointContainer#0-0-C-1] INFO NetworkClient - [Consumer clientId=consumer-consumer_group1-1, groupId=consumer_group1] Node 1 disconnected. (NetworkClient.java:937)
2025-08-07 11:53:18 [org.springframework.kafka.KafkaListenerEndpointContainer#0-0-C-1] INFO NetworkClient - [Consumer clientId=consumer-consumer_group1-1, groupId=consumer_group1] Disconnecting from node 2 due to request timeout. (NetworkClient.java:797)
2025-08-07 11:53:18 [org.springframework.kafka.KafkaListenerEndpointContainer#0-0-C-1] INFO NetworkClient - [Consumer clientId=consumer-consumer_group1-1, groupId=consumer_group1] Cancelled in-flight FETCH request with correlation id 2164 due to node 2 being disconnected (elapsed time since creation: 30142837ms, elapsed time since send: 30142837ms, request timeout: 30000ms) (NetworkClient.java:341)
2025-08-07 11:53:18 [org.springframework.kafka.KafkaListenerEndpointContainer#0-0-C-1] INFO FetchSessionHandler - [Consumer clientId=consumer-consumer_group1-1, groupId=consumer_group1] Error sending fetch request (sessionId=2065384997, epoch=10) to node 2: (FetchSessionHandler.java:602)
org.apache.kafka.common.errors.DisconnectException: null
2025-08-07 11:53:18 [kafka-coordinator-heartbeat-thread | consumer_group1] INFO NetworkClient - [Consumer clientId=consumer-consumer_group1-1, groupId=consumer_group1] Node 2147483645 disconnected. (NetworkClient.java:937)
2025-08-07 11:53:18 [kafka-coordinator-heartbeat-thread | consumer_group1] INFO ConsumerCoordinator - [Consumer clientId=consumer-consumer_group1-1, groupId=consumer_group1] Group coordinator 192.168.29.52:29093 (id: 2147483645 rack: null) is unavailable or invalid due to cause: coordinator unavailable. isDisconnected: true. Rediscovery will be attempted. (AbstractCoordinator.java:959)
2025-08-07 11:53:18 [org.springframework.kafka.KafkaListenerEndpointContainer#0-0-C-1] INFO NetworkClient - [Consumer clientId=consumer-consumer_group1-1, groupId=consumer_group1] Node 3 disconnected. (NetworkClient.java:937)
2025-08-07 11:53:18 [org.springframework.kafka.KafkaListenerEndpointContainer#0-0-C-1] WARN NetworkClient - [Consumer clientId=consumer-consumer_group1-1, groupId=consumer_group1] Connection to node 3 (/192.168.29.52:29094) could not be established. Broker may not be available. (NetworkClient.java:775)
2025-08-07 11:53:18 [org.springframework.kafka.KafkaListenerEndpointContainer#0-0-C-1] INFO NetworkClient - [Consumer clientId=consumer-consumer_group1-1, groupId=consumer_group1] Node 1 disconnected. (NetworkClient.java:937)
2025-08-07 11:53:18 [org.springframework.kafka.KafkaListenerEndpointContainer#0-0-C-1] WARN NetworkClient - [Consumer clientId=consumer-consumer_group1-1, groupId=consumer_group1] Connection to node 1 (/192.168.29.52:29092) could not be established. Broker may not be available. (NetworkClient.java:775)
2025-08-07 11:53:18 [org.springframework.kafka.KafkaListenerEndpointContainer#0-0-C-1] INFO NetworkClient - [Consumer clientId=consumer-consumer_group1-1, groupId=consumer_group1] Node 2 disconnected. (NetworkClient.java:937)
2025-08-07 11:53:18 [org.springframework.kafka.KafkaListenerEndpointContainer#0-0-C-1] WARN NetworkClient - [Consumer clientId=consumer-consumer_group1-1, groupId=consumer_group1] Connection to node 2 (/192.168.29.52:29093) could not be established. Broker may not be available. (NetworkClient.java:775)
2025-08-07 11:53:18 [org.springframework.kafka.KafkaListenerEndpointContainer#0-0-C-1] INFO NetworkClient - [Consumer clientId=consumer-consumer_group1-1, groupId=consumer_group1] Node 1 disconnected. (NetworkClient.java:937)
2025-08-07 11:53:18 [org.springframework.kafka.KafkaListenerEndpointContainer#0-0-C-1] WARN NetworkClient - [Consumer clientId=consumer-consumer_group1-1, groupId=consumer_group1] Connection to node 1 (/192.168.29.52:29092) could not be established. Broker may not be available. (NetworkClient.java:775)
2025-08-07 11:53:19 [org.springframework.kafka.KafkaListenerEndpointContainer#0-0-C-1] INFO NetworkClient - [Consumer clientId=consumer-consumer_group1-1, groupId=consumer_group1] Node 2 disconnected. (NetworkClient.java:937)
2025-08-07 11:53:19 [org.springframework.kafka.KafkaListenerEndpointContainer#0-0-C-1] WARN NetworkClient - [Consumer clientId=consumer-consumer_group1-1, groupId=consumer_group1] Connection to node 2 (/192.168.29.52:29093) could not be established. Broker may not be available. (NetworkClient.java:775)
2025-08-07 11:53:19 [org.springframework.kafka.KafkaListenerEndpointContainer#0-0-C-1] INFO NetworkClient - [Consumer clientId=consumer-consumer_group1-1, groupId=consumer_group1] Node 1 disconnected. (NetworkClient.java:937)
2025-08-07 11:53:19 [org.springframework.kafka.KafkaListenerEndpointContainer#0-0-C-1] WARN NetworkClient - [Consumer clientId=consumer-consumer_group1-1, groupId=consumer_group1] Connection to node 1 (/192.168.29.52:29092) could not be established. Broker may not be available. (NetworkClient.java:775)
2025-08-07 11:53:19 [org.springframework.kafka.KafkaListenerEndpointContainer#0-0-C-1] INFO NetworkClient - [Consumer clientId=consumer-consumer_group1-1, groupId=consumer_group1] Node 2 disconnected. (NetworkClient.java:937)
2025-08-07 11:53:19 [org.springframework.kafka.KafkaListenerEndpointContainer#0-0-C-1] WARN NetworkClient - [Consumer clientId=consumer-consumer_group1-1, groupId=consumer_group1] Connection to node 2 (/192.168.29.52:29093) could not be established. Broker may not be available. (NetworkClient.java:775)
2025-08-07 11:53:19 [org.springframework.kafka.KafkaListenerEndpointContainer#0-0-C-1] INFO ConsumerCoordinator - [Consumer clientId=consumer-consumer_group1-1, groupId=consumer_group1] Discovered group coordinator 192.168.29.52:29093 (id: 2147483645 rack: null) (AbstractCoordinator.java:896)
2025-08-07 11:53:19 [org.springframework.kafka.KafkaListenerEndpointContainer#0-0-C-1] INFO ConsumerCoordinator - [Consumer clientId=consumer-consumer_group1-1, groupId=consumer_group1] Attempt to heartbeat with Generation{generationId=3, memberId='consumer-consumer_group1-1-15535837-e5df-43b4-9e00-28ee3a705750', protocol='range'} and group instance id Optional.empty failed due to UNKNOWN_MEMBER_ID, resetting generation (AbstractCoordinator.java:1216)
2025-08-07 11:53:19 [org.springframework.kafka.KafkaListenerEndpointContainer#0-0-C-1] INFO ConsumerCoordinator - [Consumer clientId=consumer-consumer_group1-1, groupId=consumer_group1] Resetting generation and member id due to: encountered UNKNOWN_MEMBER_ID from HEARTBEAT response (AbstractCoordinator.java:1015)
2025-08-07 11:53:19 [org.springframework.kafka.KafkaListenerEndpointContainer#0-0-C-1] INFO ConsumerCoordinator - [Consumer clientId=consumer-consumer_group1-1, groupId=consumer_group1] Request joining group due to: encountered UNKNOWN_MEMBER_ID from HEARTBEAT response (AbstractCoordinator.java:1062)
2025-08-07 11:53:19 [org.springframework.kafka.KafkaListenerEndpointContainer#0-0-C-1] INFO ConsumerCoordinator - [Consumer clientId=consumer-consumer_group1-1, groupId=consumer_group1] Giving away all assigned partitions as lost since generation/memberID has been reset,indicating that consumer is in old state or no longer part of the group (ConsumerCoordinator.java:824)
2025-08-07 11:53:19 [org.springframework.kafka.KafkaListenerEndpointContainer#0-0-C-1] INFO ConsumerCoordinator - [Consumer clientId=consumer-consumer_group1-1, groupId=consumer_group1] Lost previously assigned partitions TO.DO.LOGGED.IN.USER-0 (ConsumerCoordinator.java:359)
2025-08-07 11:53:19 [org.springframework.kafka.KafkaListenerEndpointContainer#0-0-C-1] INFO KafkaMessageListenerContainer - consumer_group1: partitions lost: [TO.DO.LOGGED.IN.USER-0] (LogAccessor.java:292)
2025-08-07 11:53:19 [org.springframework.kafka.KafkaListenerEndpointContainer#0-0-C-1] INFO KafkaMessageListenerContainer - consumer_group1: partitions revoked: [TO.DO.LOGGED.IN.USER-0] (LogAccessor.java:292)
2025-08-07 11:53:19 [org.springframework.kafka.KafkaListenerEndpointContainer#0-0-C-1] INFO ConsumerCoordinator - [Consumer clientId=consumer-consumer_group1-1, groupId=consumer_group1] (Re-)joining group (AbstractCoordinator.java:566)
2025-08-07 11:53:19 [org.springframework.kafka.KafkaListenerEndpointContainer#0-0-C-1] INFO ConsumerCoordinator - [Consumer clientId=consumer-consumer_group1-1, groupId=consumer_group1] Request joining group due to: need to re-join with the given member-id: consumer-consumer_group1-1-e838ed9b-31e0-4140-b1ec-f3d409699473 (AbstractCoordinator.java:1062)
2025-08-07 11:53:19 [org.springframework.kafka.KafkaListenerEndpointContainer#0-0-C-1] INFO ConsumerCoordinator - [Consumer clientId=consumer-consumer_group1-1, groupId=consumer_group1] Request joining group due to: rebalance failed due to 'The group member needs to have a valid member id before actually entering a consumer group.' (MemberIdRequiredException) (AbstractCoordinator.java:1062)
2025-08-07 11:53:19 [org.springframework.kafka.KafkaListenerEndpointContainer#0-0-C-1] INFO ConsumerCoordinator - [Consumer clientId=consumer-consumer_group1-1, groupId=consumer_group1] (Re-)joining group (AbstractCoordinator.java:566)
2025-08-07 11:53:22 [org.springframework.kafka.KafkaListenerEndpointContainer#0-0-C-1] INFO ConsumerCoordinator - [Consumer clientId=consumer-consumer_group1-1, groupId=consumer_group1] Successfully joined group with generation Generation{generationId=5, memberId='consumer-consumer_group1-1-e838ed9b-31e0-4140-b1ec-f3d409699473', protocol='range'} (AbstractCoordinator.java:627)
2025-08-07 11:53:22 [org.springframework.kafka.KafkaListenerEndpointContainer#0-0-C-1] INFO ConsumerCoordinator - [Consumer clientId=consumer-consumer_group1-1, groupId=consumer_group1] Finished assignment for group at generation 5: {consumer-consumer_group1-1-e838ed9b-31e0-4140-b1ec-f3d409699473=Assignment(partitions=[TO.DO.LOGGED.IN.USER-0])} (ConsumerCoordinator.java:710)
2025-08-07 11:53:22 [org.springframework.kafka.KafkaListenerEndpointContainer#0-0-C-1] INFO ConsumerCoordinator - [Consumer clientId=consumer-consumer_group1-1, groupId=consumer_group1] Successfully synced group in generation Generation{generationId=5, memberId='consumer-consumer_group1-1-e838ed9b-31e0-4140-b1ec-f3d409699473', protocol='range'} (AbstractCoordinator.java:802)
2025-08-07 11:53:22 [org.springframework.kafka.KafkaListenerEndpointContainer#0-0-C-1] INFO ConsumerCoordinator - [Consumer clientId=consumer-consumer_group1-1, groupId=consumer_group1] Notifying assignor about the new Assignment(partitions=[TO.DO.LOGGED.IN.USER-0]) (ConsumerCoordinator.java:305)
2025-08-07 11:53:22 [org.springframework.kafka.KafkaListenerEndpointContainer#0-0-C-1] INFO ConsumerCoordinator - [Consumer clientId=consumer-consumer_group1-1, groupId=consumer_group1] Adding newly assigned partitions: TO.DO.LOGGED.IN.USER-0 (ConsumerCoordinator.java:317)
2025-08-07 11:53:22 [org.springframework.kafka.KafkaListenerEndpointContainer#0-0-C-1] INFO ConsumerCoordinator - [Consumer clientId=consumer-consumer_group1-1, groupId=consumer_group1] Setting offset for partition TO.DO.LOGGED.IN.USER-0 to the committed offset FetchPosition{offset=36, offsetEpoch=Optional.empty, currentLeader=LeaderAndEpoch{leader=Optional[192.168.29.52:29093 (id: 2 rack: null)], epoch=818}} (ConsumerCoordinator.java:973)
2025-08-07 11:53:22 [org.springframework.kafka.KafkaListenerEndpointContainer#0-0-C-1] INFO KafkaMessageListenerContainer - consumer_group1: partitions assigned: [TO.DO.LOGGED.IN.USER-0] (LogAccessor.java:292)
2025-08-07 11:53:31 [HikariPool-1 housekeeper] WARN HikariPool - HikariPool-1 - Thread starvation or clock leap detected (housekeeper delta=9h17m32s308ms54µs500ns). (HikariPool.java:804)
2025-08-07 11:54:17 [RMI TCP Connection(22)-127.0.0.1] INFO SpringApplicationAdminMXBeanRegistrar$SpringApplicationAdmin - Application shutdown requested. (SpringApplicationAdminMXBeanRegistrar.java:159)
2025-08-07 11:54:17 [RMI TCP Connection(23)-127.0.0.1] INFO SpringApplicationAdminMXBeanRegistrar$SpringApplicationAdmin - Application shutdown requested. (SpringApplicationAdminMXBeanRegistrar.java:159)
2025-08-07 11:54:17 [RMI TCP Connection(22)-127.0.0.1] INFO EurekaServiceRegistry - Unregistering application REGSITER-SERVICE with eureka with status DOWN (EurekaServiceRegistry.java:62)
2025-08-07 11:54:17 [org.springframework.kafka.KafkaListenerEndpointContainer#0-0-C-1] INFO ConsumerCoordinator - [Consumer clientId=consumer-consumer_group1-1, groupId=consumer_group1] Revoke previously assigned partitions TO.DO.LOGGED.IN.USER-0 (ConsumerCoordinator.java:336)
2025-08-07 11:54:17 [org.springframework.kafka.KafkaListenerEndpointContainer#0-0-C-1] INFO KafkaMessageListenerContainer - consumer_group1: partitions revoked: [TO.DO.LOGGED.IN.USER-0] (LogAccessor.java:292)
2025-08-07 11:54:17 [org.springframework.kafka.KafkaListenerEndpointContainer#0-0-C-1] INFO ConsumerCoordinator - [Consumer clientId=consumer-consumer_group1-1, groupId=consumer_group1] Member consumer-consumer_group1-1-e838ed9b-31e0-4140-b1ec-f3d409699473 sending LeaveGroup request to coordinator 192.168.29.52:29093 (id: 2147483645 rack: null) due to the consumer unsubscribed from all topics (AbstractCoordinator.java:1123)
2025-08-07 11:54:17 [org.springframework.kafka.KafkaListenerEndpointContainer#0-0-C-1] INFO ConsumerCoordinator - [Consumer clientId=consumer-consumer_group1-1, groupId=consumer_group1] Resetting generation and member id due to: consumer pro-actively leaving the group (AbstractCoordinator.java:1015)
2025-08-07 11:54:17 [org.springframework.kafka.KafkaListenerEndpointContainer#0-0-C-1] INFO ConsumerCoordinator - [Consumer clientId=consumer-consumer_group1-1, groupId=consumer_group1] Request joining group due to: consumer pro-actively leaving the group (AbstractCoordinator.java:1062)
2025-08-07 11:54:17 [org.springframework.kafka.KafkaListenerEndpointContainer#0-0-C-1] INFO DefaultKafkaConsumerFactory$ExtendedKafkaConsumer - [Consumer clientId=consumer-consumer_group1-1, groupId=consumer_group1] Unsubscribed all topics or patterns and assigned partitions (KafkaConsumer.java:1078)
2025-08-07 11:54:17 [org.springframework.kafka.KafkaListenerEndpointContainer#0-0-C-1] INFO ConsumerCoordinator - [Consumer clientId=consumer-consumer_group1-1, groupId=consumer_group1] Resetting generation and member id due to: consumer pro-actively leaving the group (AbstractCoordinator.java:1015)
2025-08-07 11:54:17 [org.springframework.kafka.KafkaListenerEndpointContainer#0-0-C-1] INFO ConsumerCoordinator - [Consumer clientId=consumer-consumer_group1-1, groupId=consumer_group1] Request joining group due to: consumer pro-actively leaving the group (AbstractCoordinator.java:1062)
2025-08-07 11:54:17 [RMI TCP Connection(24)-127.0.0.1] INFO SpringApplicationAdminMXBeanRegistrar$SpringApplicationAdmin - Application shutdown requested. (SpringApplicationAdminMXBeanRegistrar.java:159)
2025-08-07 11:54:17 [org.springframework.kafka.KafkaListenerEndpointContainer#0-0-C-1] INFO Metrics - Metrics scheduler closed (Metrics.java:693)
2025-08-07 11:54:17 [org.springframework.kafka.KafkaListenerEndpointContainer#0-0-C-1] INFO Metrics - Closing reporter org.apache.kafka.common.metrics.JmxReporter (Metrics.java:697)
2025-08-07 11:54:17 [org.springframework.kafka.KafkaListenerEndpointContainer#0-0-C-1] INFO Metrics - Metrics reporters closed (Metrics.java:703)
2025-08-07 11:54:17 [org.springframework.kafka.KafkaListenerEndpointContainer#0-0-C-1] INFO AppInfoParser - App info kafka.consumer for consumer-consumer_group1-1 unregistered (AppInfoParser.java:83)
2025-08-07 11:54:17 [org.springframework.kafka.KafkaListenerEndpointContainer#0-0-C-1] INFO KafkaMessageListenerContainer - consumer_group1: Consumer stopped (LogAccessor.java:292)
2025-08-07 11:54:17 [RMI TCP Connection(22)-127.0.0.1] INFO Http11NioProtocol - Pausing ProtocolHandler ["http-nio-0.0.0.0-8082"] (DirectJDKLog.java:173)
2025-08-07 11:54:17 [RMI TCP Connection(22)-127.0.0.1] INFO StandardService - Stopping service [Tomcat] (DirectJDKLog.java:173)
2025-08-07 11:54:17 [RMI TCP Connection(22)-127.0.0.1] INFO [/] - Destroying Spring FrameworkServlet 'dispatcherServlet' (DirectJDKLog.java:173)
2025-08-07 11:54:17 [RMI TCP Connection(22)-127.0.0.1] INFO Http11NioProtocol - Stopping ProtocolHandler ["http-nio-0.0.0.0-8082"] (DirectJDKLog.java:173)
2025-08-07 11:54:17 [RMI TCP Connection(22)-127.0.0.1] INFO Http11NioProtocol - Destroying ProtocolHandler ["http-nio-0.0.0.0-8082"] (DirectJDKLog.java:173)
2025-08-07 11:54:17 [RMI TCP Connection(22)-127.0.0.1] INFO LocalContainerEntityManagerFactoryBean - Closing JPA EntityManagerFactory for persistence unit 'default' (AbstractEntityManagerFactoryBean.java:650)
2025-08-07 11:54:17 [RMI TCP Connection(22)-127.0.0.1] INFO HikariDataSource - HikariPool-1 - Shutdown initiated... (HikariDataSource.java:350)
2025-08-07 11:54:17 [RMI TCP Connection(22)-127.0.0.1] INFO HikariDataSource - HikariPool-1 - Shutdown completed. (HikariDataSource.java:352)
2025-08-07 11:54:17 [RMI TCP Connection(22)-127.0.0.1] INFO DiscoveryClient - Shutting down DiscoveryClient ... (DiscoveryClient.java:879)
2025-08-07 11:54:17 [RMI TCP Connection(22)-127.0.0.1] INFO DiscoveryClient - Completed shut down of DiscoveryClient (DiscoveryClient.java:904)
